make[1]: warning: jobserver unavailable: using -j1.  Add '+' to parent make rule.
make[1]: Entering directory '/root/lx-lanes/exec'
make[1]: Nothing to be done for 'build'.
cc -Iinclude -Ibuild/generated -DLXP_BUILD_TARGET_TRIPLE=\"x86_64-linux-gnu\" -DLXP_BUILD_OPTIMISATION=\"-O2\" -DLXP_BUILD_REVISION=\"unknown\" -std=c17 -pedantic -Werror -Wall -Wextra -Wconversion -Wshadow -Wvla -fno-strict-aliasing -ffp-contract=off -O2  -MMD -MP -c cmd/layerxd/main.c -o build/obj/cmd/layerxd/main.o
cc -Iinclude -Ibuild/generated -DLXP_BUILD_TARGET_TRIPLE=\"x86_64-linux-gnu\" -DLXP_BUILD_OPTIMISATION=\"-O2\" -DLXP_BUILD_REVISION=\"unknown\" -std=c17 -pedantic -Werror -Wall -Wextra -Wconversion -Wshadow -Wvla -fno-strict-aliasing -ffp-contract=off -O2  -MMD -MP -c cmd/layerxd/lxp_daemon_main.c -o build/obj/cmd/layerxd/lxp_daemon_main.o
cc -Iinclude -Ibuild/generated -DLXP_BUILD_TARGET_TRIPLE=\"x86_64-linux-gnu\" -DLXP_BUILD_OPTIMISATION=\"-O2\" -DLXP_BUILD_REVISION=\"unknown\" -std=c17 -pedantic -Werror -Wall -Wextra -Wconversion -Wshadow -Wvla -fno-strict-aliasing -ffp-contract=off -O2  -MMD -MP -c cmd/layerxd/lxp_daemon_config.c -o build/obj/cmd/layerxd/lxp_daemon_config.o
cc -Iinclude -Ibuild/generated -DLXP_BUILD_TARGET_TRIPLE=\"x86_64-linux-gnu\" -DLXP_BUILD_OPTIMISATION=\"-O2\" -DLXP_BUILD_REVISION=\"unknown\" -std=c17 -pedantic -Werror -Wall -Wextra -Wconversion -Wshadow -Wvla -fno-strict-aliasing -ffp-contract=off -O2  -MMD -MP -c cmd/layerxd/lxp_daemon_shutdown.c -o build/obj/cmd/layerxd/lxp_daemon_shutdown.o
cc -Iinclude -Ibuild/generated -DLXP_BUILD_TARGET_TRIPLE=\"x86_64-linux-gnu\" -DLXP_BUILD_OPTIMISATION=\"-O2\" -DLXP_BUILD_REVISION=\"unknown\" -std=c17 -pedantic -Werror -Wall -Wextra -Wconversion -Wshadow -Wvla -fno-strict-aliasing -ffp-contract=off -O2  -MMD -MP -c cmd/layerxd/lxp_daemon_receipt_authority.c -o build/obj/cmd/layerxd/lxp_daemon_receipt_authority.o
cc -Iinclude -Ibuild/generated -DLXP_BUILD_TARGET_TRIPLE=\"x86_64-linux-gnu\" -DLXP_BUILD_OPTIMISATION=\"-O2\" -DLXP_BUILD_REVISION=\"unknown\" -std=c17 -pedantic -Werror -Wall -Wextra -Wconversion -Wshadow -Wvla -fno-strict-aliasing -ffp-contract=off -O2  -MMD -MP -c cmd/layerxd/lxp_daemon_protocol.c -o build/obj/cmd/layerxd/lxp_daemon_protocol.o
cc -Iinclude -Ibuild/generated -DLXP_BUILD_TARGET_TRIPLE=\"x86_64-linux-gnu\" -DLXP_BUILD_OPTIMISATION=\"-O2\" -DLXP_BUILD_REVISION=\"unknown\" -std=c17 -pedantic -Werror -Wall -Wextra -Wconversion -Wshadow -Wvla -fno-strict-aliasing -ffp-contract=off -O2  -MMD -MP -c cmd/layerxd/lxp_daemon_listener.c -o build/obj/cmd/layerxd/lxp_daemon_listener.o
cc -Iinclude -Ibuild/generated -DLXP_BUILD_TARGET_TRIPLE=\"x86_64-linux-gnu\" -DLXP_BUILD_OPTIMISATION=\"-O2\" -DLXP_BUILD_REVISION=\"unknown\" -std=c17 -pedantic -Werror -Wall -Wextra -Wconversion -Wshadow -Wvla -fno-strict-aliasing -ffp-contract=off -O2  -MMD -MP -c cmd/layerxd/lxp_daemon_lni.c -o build/obj/cmd/layerxd/lxp_daemon_lni.o
cc -Iinclude -Ibuild/generated -DLXP_BUILD_TARGET_TRIPLE=\"x86_64-linux-gnu\" -DLXP_BUILD_OPTIMISATION=\"-O2\" -DLXP_BUILD_REVISION=\"unknown\" -std=c17 -pedantic -Werror -Wall -Wextra -Wconversion -Wshadow -Wvla -fno-strict-aliasing -ffp-contract=off -O2  -MMD -MP -c cmd/layerxd/lxp_daemon_evidence.c -o build/obj/cmd/layerxd/lxp_daemon_evidence.o
cc -Iinclude -Ibuild/generated -DLXP_BUILD_TARGET_TRIPLE=\"x86_64-linux-gnu\" -DLXP_BUILD_OPTIMISATION=\"-O2\" -DLXP_BUILD_REVISION=\"unknown\" -std=c17 -pedantic -Werror -Wall -Wextra -Wconversion -Wshadow -Wvla -fno-strict-aliasing -ffp-contract=off -O2  -MMD -MP -c cmd/layerxd/lxp_daemon_finality_authority.c -o build/obj/cmd/layerxd/lxp_daemon_finality_authority.o
cc -Iinclude -Ibuild/generated -DLXP_BUILD_TARGET_TRIPLE=\"x86_64-linux-gnu\" -DLXP_BUILD_OPTIMISATION=\"-O2\" -DLXP_BUILD_REVISION=\"unknown\" -std=c17 -pedantic -Werror -Wall -Wextra -Wconversion -Wshadow -Wvla -fno-strict-aliasing -ffp-contract=off -O2  -MMD -MP -c cmd/layerxd/lxp_daemon_batch_wal.c -o build/obj/cmd/layerxd/lxp_daemon_batch_wal.o
cc -Iinclude -Ibuild/generated -DLXP_BUILD_TARGET_TRIPLE=\"x86_64-linux-gnu\" -DLXP_BUILD_OPTIMISATION=\"-O2\" -DLXP_BUILD_REVISION=\"unknown\" -std=c17 -pedantic -Werror -Wall -Wextra -Wconversion -Wshadow -Wvla -fno-strict-aliasing -ffp-contract=off -O2  -MMD -MP -c cmd/layerxd/lxp_daemon_process.c -o build/obj/cmd/layerxd/lxp_daemon_process.o
cc -Iinclude -Ibuild/generated -DLXP_BUILD_TARGET_TRIPLE=\"x86_64-linux-gnu\" -DLXP_BUILD_OPTIMISATION=\"-O2\" -DLXP_BUILD_REVISION=\"unknown\" -std=c17 -pedantic -Werror -Wall -Wextra -Wconversion -Wshadow -Wvla -fno-strict-aliasing -ffp-contract=off -O2  -MMD -MP -c cmd/layerxd/lxp_daemon_authority_replica.c -o build/obj/cmd/layerxd/lxp_daemon_authority_replica.o
cc -Iinclude -Ibuild/generated -DLXP_BUILD_TARGET_TRIPLE=\"x86_64-linux-gnu\" -DLXP_BUILD_OPTIMISATION=\"-O2\" -DLXP_BUILD_REVISION=\"unknown\" -std=c17 -pedantic -Werror -Wall -Wextra -Wconversion -Wshadow -Wvla -fno-strict-aliasing -ffp-contract=off -O2  -MMD -MP -c cmd/layerxd/lxp_daemon_cli.c -o build/obj/cmd/layerxd/lxp_daemon_cli.o
cd programs && cargo build --locked --workspace --features layerx-programs-sandbox/host-ffi
    Blocking waiting for file lock on package cache
    Finished `dev` profile [unoptimized + debuginfo] target(s) in 2.36s
cc -Iinclude -Ibuild/generated -DLXP_BUILD_TARGET_TRIPLE=\"x86_64-linux-gnu\" -DLXP_BUILD_OPTIMISATION=\"-O2\" -DLXP_BUILD_REVISION=\"unknown\" -std=c17 -pedantic -Werror -Wall -Wextra -Wconversion -Wshadow -Wvla -fno-strict-aliasing -ffp-contract=off -O2  build/obj/cmd/layerxd/main.o build/obj/cmd/layerxd/lxp_daemon_main.o build/obj/cmd/layerxd/lxp_daemon_config.o build/obj/cmd/layerxd/lxp_daemon_shutdown.o build/obj/cmd/layerxd/lxp_daemon_receipt_authority.o build/obj/cmd/layerxd/lxp_daemon_protocol.o build/obj/cmd/layerxd/lxp_daemon_listener.o build/obj/cmd/layerxd/lxp_daemon_lni.o build/obj/cmd/layerxd/lxp_daemon_evidence.o build/obj/cmd/layerxd/lxp_daemon_finality_authority.o build/obj/cmd/layerxd/lxp_daemon_batch_wal.o build/obj/cmd/layerxd/lxp_daemon_artifact.o build/obj/cmd/layerxd/lxp_daemon_process.o build/obj/cmd/layerxd/lxp_daemon_authority_replica.o build/obj/cmd/layerxd/lxp_daemon_cli.o \
	build/liblayerx.a programs/target/debug/liblayerx_programs_sandbox.a  \
	-lcrypto -lsqlite3 -pthread -ldl -lm -o build/bin/layerxd
cc -Iinclude -Ibuild/generated -DLXP_BUILD_TARGET_TRIPLE=\"x86_64-linux-gnu\" -DLXP_BUILD_OPTIMISATION=\"-O2\" -DLXP_BUILD_REVISION=\"unknown\" -std=c17 -pedantic -Werror -Wall -Wextra -Wconversion -Wshadow -Wvla -fno-strict-aliasing -ffp-contract=off -O2  cmd/layerx-genesis/main.c \
	cmd/layerx-genesis/lxp_genesis_build_cli.c \
	cmd/layerx-genesis/lxp_genesis_builder.c build/liblayerx.a \
	programs/target/debug/liblayerx_programs_sandbox.a build/liblayerx.a  \
	-lcrypto -pthread -ldl -lm -o build/bin/layerx-genesis-build
make[1]: Leaving directory '/root/lx-lanes/exec'
